{"level":"info","message":"Data Source has been initialized!","timestamp":"2026-05-03 14:48:49"}
{"level":"info","message":"Server is running on port 8900","timestamp":"2026-05-03 14:48:49"}
{"0":"2","1":"0","10":"T","11":"1","12":"3","13":":","14":"5","15":"2","16":":","17":"5","18":"1","19":".","2":"2","20":"0","21":"0","22":"1","23":"Z","3":"6","4":"-","5":"0","6":"5","7":"-","8":"0","9":"3","level":"error","message":"Error: Name is required","timestamp":"2026-05-03 14:52:51"}
{"level":"info","message":"Data Source has been initialized!","timestamp":"2026-05-03 15:11:14"}
{"level":"info","message":"Server is running on port 8900","timestamp":"2026-05-03 15:11:14"}
{"0":"2","1":"0","10":"T","11":"1","12":"4","13":":","14":"1","15":"1","16":":","17":"2","18":"0","19":".","2":"2","20":"3","21":"2","22":"1","23":"Z","3":"6","4":"-","5":"0","6":"5","7":"-","8":"0","9":"3","level":"error","message":"Error: Route http://localhost:8900/api/roles/5 not found","timestamp":"2026-05-03 15:11:20"}
{"0":"2","1":"0","10":"T","11":"1","12":"4","13":":","14":"1","15":"1","16":":","17":"4","18":"9","19":".","2":"2","20":"4","21":"2","22":"8","23":"Z","3":"6","4":"-","5":"0","6":"5","7":"-","8":"0","9":"3","level":"error","message":"Error: Route http://localhost:8900/api/roles/4 not found","timestamp":"2026-05-03 15:11:49"}
{"0":"2","1":"0","10":"T","11":"1","12":"4","13":":","14":"1","15":"2","16":":","17":"2","18":"4","19":".","2":"2","20":"7","21":"4","22":"3","23":"Z","3":"6","4":"-","5":"0","6":"5","7":"-","8":"0","9":"3","level":"error","message":"Error: Route http://localhost:8900/api/roles/4 not found","timestamp":"2026-05-03 15:12:24"}
{"level":"info","message":"Data Source has been initialized!","timestamp":"2026-05-03 16:29:26"}
{"level":"info","message":"Server is running on port 8900","timestamp":"2026-05-03 16:29:26"}
{"0":"2","1":"0","10":"T","11":"1","12":"5","13":":","14":"2","15":"9","16":":","17":"4","18":"2","19":".","2":"2","20":"7","21":"2","22":"3","23":"Z","3":"6","4":"-","5":"0","6":"5","7":"-","8":"0","9":"3","level":"error","message":"Error: Route http://localhost:8900/api/roles/4 not found","timestamp":"2026-05-03 16:29:42"}
{"0":"2","1":"0","10":"T","11":"1","12":"5","13":":","14":"3","15":"0","16":":","17":"5","18":"7","19":".","2":"2","20":"6","21":"4","22":"2","23":"Z","3":"6","4":"-","5":"0","6":"5","7":"-","8":"0","9":"3","level":"error","message":"Error: Route http://localhost:8900/api/roles/4 not found","timestamp":"2026-05-03 16:30:57"}
{"level":"info","message":"Data Source has been initialized!","timestamp":"2026-05-03 16:31:41"}
{"level":"info","message":"Server is running on port 8900","timestamp":"2026-05-03 16:31:41"}
{"0":"2","1":"0","10":"T","11":"1","12":"5","13":":","14":"3","15":"1","16":":","17":"4","18":"2","19":".","2":"2","20":"4","21":"6","22":"8","23":"Z","3":"6","4":"-","5":"0","6":"5","7":"-","8":"0","9":"3","level":"error","message":"Error: Route http://localhost:8900/api/roles/4 not found","timestamp":"2026-05-03 16:31:42"}
{"0":"2","1":"0","10":"T","11":"1","12":"5","13":":","14":"3","15":"1","16":":","17":"4","18":"9","19":".","2":"2","20":"5","21":"2","22":"0","23":"Z","3":"6","4":"-","5":"0","6":"5","7":"-","8":"0","9":"3","level":"error","message":"Error: Route http://localhost:8900/api/roles/4 not found","timestamp":"2026-05-03 16:31:49"}
{"0":"2","1":"0","10":"T","11":"1","12":"5","13":":","14":"3","15":"1","16":":","17":"5","18":"0","19":".","2":"2","20":"8","21":"5","22":"4","23":"Z","3":"6","4":"-","5":"0","6":"5","7":"-","8":"0","9":"3","level":"error","message":"Error: Route http://localhost:8900/api/roles/4 not found","timestamp":"2026-05-03 16:31:50"}
{"0":"2","1":"0","10":"T","11":"1","12":"5","13":":","14":"3","15":"2","16":":","17":"0","18":"2","19":".","2":"2","20":"1","21":"4","22":"2","23":"Z","3":"6","4":"-","5":"0","6":"5","7":"-","8":"0","9":"3","level":"error","message":"Error: Route http://localhost:8900/api/roles/5 not found","timestamp":"2026-05-03 16:32:02"}
{"level":"info","message":"Data Source has been initialized!","timestamp":"2026-05-03 16:32:30"}
{"level":"info","message":"Server is running on port 8900","timestamp":"2026-05-03 16:32:30"}
{"0":"2","1":"0","10":"T","11":"1","12":"5","13":":","14":"3","15":"2","16":":","17":"4","18":"4","19":".","2":"2","20":"4","21":"1","22":"3","23":"Z","3":"6","4":"-","5":"0","6":"5","7":"-","8":"0","9":"3","level":"error","message":"Error: Role not found with ID: 5","timestamp":"2026-05-03 16:32:44"}
{"level":"info","message":"Data Source has been initialized!","timestamp":"2026-05-03 17:08:16"}
{"level":"info","message":"Server is running on port 8900","timestamp":"2026-05-03 17:08:16"}
{"0":"2","1":"0","10":"T","11":"1","12":"6","13":":","14":"1","15":"0","16":":","17":"0","18":"6","19":".","2":"2","20":"5","21":"2","22":"8","23":"Z","3":"6","4":"-","5":"0","6":"5","7":"-","8":"0","9":"3","level":"error","message":"Error: Role not found with ID: 5","timestamp":"2026-05-03 17:10:06"}
{"0":"2","1":"0","10":"T","11":"1","12":"6","13":":","14":"1","15":"0","16":":","17":"2","18":"5","19":".","2":"2","20":"7","21":"2","22":"4","23":"Z","3":"6","4":"-","5":"0","6":"5","7":"-","8":"0","9":"3","level":"error","message":"Error: Role not found","timestamp":"2026-05-03 17:10:25"}
{"level":"info","message":"Data Source has been initialized!","timestamp":"2026-05-03 18:07:12"}
{"level":"info","message":"Server is running on port 8900","timestamp":"2026-05-03 18:07:12"}
{"level":"info","message":"Data Source has been initialized!","timestamp":"2026-05-03 22:25:56"}
{"level":"info","message":"Server is running on port 8900","timestamp":"2026-05-03 22:25:56"}
{"level":"info","message":"Data Source has been initialized!","timestamp":"2026-05-03 22:38:38"}
{"level":"info","message":"Server is running on port 8900","timestamp":"2026-05-03 22:38:38"}
{"level":"info","message":"Data Source has been initialized!","timestamp":"2026-05-03 22:39:59"}
{"level":"info","message":"Server is running on port 8900","timestamp":"2026-05-03 22:39:59"}
{"level":"info","message":"Data Source has been initialized!","timestamp":"2026-05-03 22:44:42"}
{"level":"info","message":"Server is running on port 8900","timestamp":"2026-05-03 22:44:42"}
{"0":"2","1":"0","10":"T","11":"2","12":"1","13":":","14":"4","15":"5","16":":","17":"3","18":"5","19":".","2":"2","20":"0","21":"2","22":"7","23":"Z","3":"6","4":"-","5":"0","6":"5","7":"-","8":"0","9":"3","level":"error","message":"Error: Email is required","timestamp":"2026-05-03 22:45:35"}
{"0":"2","1":"0","10":"T","11":"2","12":"1","13":":","14":"4","15":"6","16":":","17":"0","18":"8","19":".","2":"2","20":"1","21":"9","22":"1","23":"Z","3":"6","4":"-","5":"0","6":"5","7":"-","8":"0","9":"3","level":"error","message":"Error: Email is required","timestamp":"2026-05-03 22:46:08"}
{"level":"info","message":"Data Source has been initialized!","timestamp":"2026-05-03 22:48:33"}
{"level":"info","message":"Server is running on port 8900","timestamp":"2026-05-03 22:48:33"}
{"0":"2","1":"0","10":"T","11":"2","12":"1","13":":","14":"4","15":"8","16":":","17":"3","18":"5","19":".","2":"2","20":"9","21":"0","22":"5","23":"Z","3":"6","4":"-","5":"0","6":"5","7":"-","8":"0","9":"3","level":"error","message":"Error: Email is required WOOOO","timestamp":"2026-05-03 22:48:35"}
{"level":"info","message":"Data Source has been initialized!","timestamp":"2026-05-03 22:49:37"}
{"level":"info","message":"Server is running on port 8900","timestamp":"2026-05-03 22:49:37"}
{"0":"2","1":"0","10":"T","11":"2","12":"1","13":":","14":"5","15":"3","16":":","17":"1","18":"1","19":".","2":"2","20":"4","21":"9","22":"3","23":"Z","3":"6","4":"-","5":"0","6":"5","7":"-","8":"0","9":"3","level":"error","message":"Error: Route http://localhost:8900/api/users/1 not found","timestamp":"2026-05-03 22:53:11"}
{"0":"2","1":"0","10":"T","11":"2","12":"1","13":":","14":"5","15":"3","16":":","17":"2","18":"3","19":".","2":"2","20":"6","21":"9","22":"2","23":"Z","3":"6","4":"-","5":"0","6":"5","7":"-","8":"0","9":"3","level":"error","message":"Error: Cannot add or update a child row: a foreign key constraint fails (`case_study`.`user`, CONSTRAINT `user_ibfk_1` FOREIGN KEY (`roleId`) REFERENCES `role` (`id`))","timestamp":"2026-05-03 22:53:23"}
{"0":"2","1":"0","10":"T","11":"2","12":"1","13":":","14":"5","15":"3","16":":","17":"4","18":"1","19":".","2":"2","20":"0","21":"1","22":"1","23":"Z","3":"6","4":"-","5":"0","6":"5","7":"-","8":"0","9":"3","level":"error","message":"Error: Cannot add or update a child row: a foreign key constraint fails (`case_study`.`user`, CONSTRAINT `user_ibfk_1` FOREIGN KEY (`roleId`) REFERENCES `role` (`id`))","timestamp":"2026-05-03 22:53:41"}
{"0":"2","1":"0","10":"T","11":"2","12":"1","13":":","14":"5","15":"4","16":":","17":"0","18":"5","19":".","2":"2","20":"9","21":"7","22":"4","23":"Z","3":"6","4":"-","5":"0","6":"5","7":"-","8":"0","9":"3","level":"error","message":"Error: Cannot add or update a child row: a foreign key constraint fails (`case_study`.`user`, CONSTRAINT `user_ibfk_1` FOREIGN KEY (`roleId`) REFERENCES `role` (`id`))","timestamp":"2026-05-03 22:54:05"}
{"level":"info","message":"Data Source has been initialized!","timestamp":"2026-05-03 23:28:04"}
{"level":"info","message":"Server is running on port 8900","timestamp":"2026-05-03 23:28:04"}
{"0":"2","1":"0","10":"T","11":"2","12":"2","13":":","14":"2","15":"8","16":":","17":"0","18":"9","19":".","2":"2","20":"5","21":"7","22":"6","23":"Z","3":"6","4":"-","5":"0","6":"5","7":"-","8":"0","9":"3","level":"error","message":"Error: Cannot add or update a child row: a foreign key constraint fails (`case_study`.`user`, CONSTRAINT `user_ibfk_1` FOREIGN KEY (`roleId`) REFERENCES `role` (`id`))","timestamp":"2026-05-03 23:28:09"}
{"0":"2","1":"0","10":"T","11":"2","12":"2","13":":","14":"2","15":"8","16":":","17":"1","18":"2","19":".","2":"2","20":"0","21":"0","22":"8","23":"Z","3":"6","4":"-","5":"0","6":"5","7":"-","8":"0","9":"3","level":"error","message":"Error: Cannot add or update a child row: a foreign key constraint fails (`case_study`.`user`, CONSTRAINT `user_ibfk_1` FOREIGN KEY (`roleId`) REFERENCES `role` (`id`))","timestamp":"2026-05-03 23:28:12"}
{"level":"info","message":"Data Source has been initialized!","timestamp":"2026-05-03 23:29:37"}
{"level":"info","message":"Server is running on port 8900","timestamp":"2026-05-03 23:29:37"}
{"level":"info","message":"Data Source has been initialized!","timestamp":"2026-05-03 23:53:46"}
{"level":"info","message":"Server is running on port 8900","timestamp":"2026-05-03 23:53:46"}
{"level":"info","message":"Data Source has been initialized!","timestamp":"2026-05-03 23:55:48"}
{"level":"info","message":"Server is running on port 8900","timestamp":"2026-05-03 23:55:48"}
{"0":"2","1":"0","10":"T","11":"2","12":"2","13":":","14":"5","15":"6","16":":","17":"1","18":"3","19":".","2":"2","20":"9","21":"3","22":"5","23":"Z","3":"6","4":"-","5":"0","6":"5","7":"-","8":"0","9":"3","level":"error","message":"Error: Password must be at least 10 characters long","timestamp":"2026-05-03 23:56:13"}
{"level":"info","message":"Data Source has been initialized!","timestamp":"2026-05-05 19:36:07"}
{"level":"info","message":"Server is running on port 8900","timestamp":"2026-05-05 19:36:07"}
{"code":"ECONNREFUSED","fatal":true,"level":"error","message":"Error during Data Source initialization:","stack":"AggregateError\n    at internalConnectMultiple (node:net:1134:18)\n    at afterConnectMultiple (node:net:1715:7)","timestamp":"2026-05-06 19:14:23"}
{"level":"info","message":"Data Source has been initialized!","timestamp":"2026-05-06 19:15:36"}
{"level":"info","message":"Server is running on port 8900","timestamp":"2026-05-06 19:15:36"}
{"0":"2","1":"0","10":"T","11":"1","12":"8","13":":","14":"1","15":"8","16":":","17":"5","18":"0","19":".","2":"2","20":"9","21":"0","22":"8","23":"Z","3":"6","4":"-","5":"0","6":"5","7":"-","8":"0","9":"6","level":"error","message":"Error: User not found","timestamp":"2026-05-06 19:18:50"}
{"level":"info","message":"Data Source has been initialized!","timestamp":"2026-05-06 19:42:45"}
{"level":"info","message":"Server is running on port 8900","timestamp":"2026-05-06 19:42:45"}
{"0":"2","1":"0","10":"T","11":"1","12":"8","13":":","14":"4","15":"2","16":":","17":"4","18":"8","19":".","2":"2","20":"8","21":"9","22":"4","23":"Z","3":"6","4":"-","5":"0","6":"5","7":"-","8":"0","9":"6","level":"error","message":"Error: Input buffers must have the same byte length","timestamp":"2026-05-06 19:42:48"}
{"0":"2","1":"0","10":"T","11":"1","12":"8","13":":","14":"5","15":"1","16":":","17":"2","18":"7","19":".","2":"2","20":"2","21":"0","22":"9","23":"Z","3":"6","4":"-","5":"0","6":"5","7":"-","8":"0","9":"6","level":"error","message":"Error: User with provided id 2 not found","timestamp":"2026-05-06 19:51:27"}
{"level":"info","message":"Data Source has been initialized!","timestamp":"2026-05-06 20:25:22"}
{"level":"info","message":"Server is running on port 8900","timestamp":"2026-05-06 20:25:22"}
{"level":"error","message":"Not authorised - Token not found","timestamp":"2026-05-06 20:25:28"}
{"0":"2","1":"0","10":"T","11":"1","12":"9","13":":","14":"2","15":"5","16":":","17":"2","18":"8","19":".","2":"2","20":"3","21":"2","22":"0","23":"Z","3":"6","4":"-","5":"0","6":"5","7":"-","8":"0","9":"6","level":"error","message":"Error: Not authorised - Token not found","timestamp":"2026-05-06 20:25:28"}
{"level":"info","message":"Data Source has been initialized!","timestamp":"2026-05-06 22:30:15"}
{"level":"info","message":"Server is running on port 8900","timestamp":"2026-05-06 22:30:15"}
{"level":"error","message":"Not authorised - Token not found","timestamp":"2026-05-06 22:30:27"}
{"0":"2","1":"0","10":"T","11":"2","12":"1","13":":","14":"3","15":"0","16":":","17":"2","18":"7","19":".","2":"2","20":"1","21":"2","22":"5","23":"Z","3":"6","4":"-","5":"0","6":"5","7":"-","8":"0","9":"6","level":"error","message":"Error: Not authorised - Token not found","timestamp":"2026-05-06 22:30:27"}
{"level":"error","message":"Not authorised - Token not found","timestamp":"2026-05-06 22:30:53"}
{"0":"2","1":"0","10":"T","11":"2","12":"1","13":":","14":"3","15":"0","16":":","17":"5","18":"3","19":".","2":"2","20":"8","21":"9","22":"7","23":"Z","3":"6","4":"-","5":"0","6":"5","7":"-","8":"0","9":"6","level":"error","message":"Error: Not authorised - Token not found","timestamp":"2026-05-06 22:30:53"}
{"level":"error","message":"Not authorised - Token not found","timestamp":"2026-05-06 22:31:05"}
{"0":"2","1":"0","10":"T","11":"2","12":"1","13":":","14":"3","15":"1","16":":","17":"0","18":"5","19":".","2":"2","20":"0","21":"1","22":"0","23":"Z","3":"6","4":"-","5":"0","6":"5","7":"-","8":"0","9":"6","level":"error","message":"Error: Not authorised - Token not found","timestamp":"2026-05-06 22:31:05"}
{"level":"error","message":"Not authorised - Token not found","timestamp":"2026-05-06 22:31:15"}
{"0":"2","1":"0","10":"T","11":"2","12":"1","13":":","14":"3","15":"1","16":":","17":"1","18":"5","19":".","2":"2","20":"5","21":"9","22":"8","23":"Z","3":"6","4":"-","5":"0","6":"5","7":"-","8":"0","9":"6","level":"error","message":"Error: Not authorised - Token not found","timestamp":"2026-05-06 22:31:15"}
{"0":"2","1":"0","10":"T","11":"2","12":"1","13":":","14":"3","15":"1","16":":","17":"2","18":"6","19":".","2":"2","20":"9","21":"3","22":"3","23":"Z","3":"6","4":"-","5":"0","6":"5","7":"-","8":"0","9":"6","level":"error","message":"Error: Password incorrect","timestamp":"2026-05-06 22:31:26"}
{"level":"error","message":"Not authorised - Token not found","timestamp":"2026-05-06 22:32:06"}
{"0":"2","1":"0","10":"T","11":"2","12":"1","13":":","14":"3","15":"2","16":":","17":"0","18":"6","19":".","2":"2","20":"7","21":"9","22":"9","23":"Z","3":"6","4":"-","5":"0","6":"5","7":"-","8":"0","9":"6","level":"error","message":"Error: Not authorised - Token not found","timestamp":"2026-05-06 22:32:06"}
{"level":"error","message":"Not authorised - Token not found","timestamp":"2026-05-06 22:32:37"}
{"0":"2","1":"0","10":"T","11":"2","12":"1","13":":","14":"3","15":"2","16":":","17":"3","18":"7","19":".","2":"2","20":"1","21":"0","22":"1","23":"Z","3":"6","4":"-","5":"0","6":"5","7":"-","8":"0","9":"6","level":"error","message":"Error: Not authorised - Token not found","timestamp":"2026-05-06 22:32:37"}
{"0":"2","1":"0","10":"T","11":"2","12":"1","13":":","14":"3","15":"4","16":":","17":"1","18":"5","19":".","2":"2","20":"6","21":"0","22":"4","23":"Z","3":"6","4":"-","5":"0","6":"5","7":"-","8":"0","9":"6","level":"error","message":"Error: Password incorrect","timestamp":"2026-05-06 22:34:15"}
{"0":"2","1":"0","10":"T","11":"2","12":"1","13":":","14":"3","15":"4","16":":","17":"4","18":"9","19":".","2":"2","20":"8","21":"4","22":"9","23":"Z","3":"6","4":"-","5":"0","6":"5","7":"-","8":"0","9":"6","level":"error","message":"Error: Password incorrect","timestamp":"2026-05-06 22:34:49"}
{"0":"2","1":"0","10":"T","11":"2","12":"1","13":":","14":"3","15":"5","16":":","17":"1","18":"0","19":".","2":"2","20":"4","21":"9","22":"7","23":"Z","3":"6","4":"-","5":"0","6":"5","7":"-","8":"0","9":"6","level":"error","message":"Error: Password incorrect","timestamp":"2026-05-06 22:35:10"}
{"0":"2","1":"0","10":"T","11":"2","12":"1","13":":","14":"3","15":"7","16":":","17":"5","18":"7","19":".","2":"2","20":"5","21":"2","22":"8","23":"Z","3":"6","4":"-","5":"0","6":"5","7":"-","8":"0","9":"6","level":"error","message":"Error: Password must be at least 10 characters long","timestamp":"2026-05-06 22:37:57"}
{"0":"2","1":"0","10":"T","11":"2","12":"1","13":":","14":"3","15":"8","16":":","17":"5","18":"4","19":".","2":"2","20":"7","21":"1","22":"8","23":"Z","3":"6","4":"-","5":"0","6":"5","7":"-","8":"0","9":"6","level":"error","message":"Error: Password incorrect","timestamp":"2026-05-06 22:38:54"}
{"0":"2","1":"0","10":"T","11":"2","12":"1","13":":","14":"3","15":"9","16":":","17":"0","18":"8","19":".","2":"2","20":"5","21":"2","22":"9","23":"Z","3":"6","4":"-","5":"0","6":"5","7":"-","8":"0","9":"6","level":"error","message":"Error: Password incorrect","timestamp":"2026-05-06 22:39:08"}
{"level":"error","message":"Not authorised - Token not found","timestamp":"2026-05-06 22:39:54"}
{"0":"2","1":"0","10":"T","11":"2","12":"1","13":":","14":"3","15":"9","16":":","17":"5","18":"4","19":".","2":"2","20":"9","21":"5","22":"2","23":"Z","3":"6","4":"-","5":"0","6":"5","7":"-","8":"0","9":"6","level":"error","message":"Error: Not authorised - Token not found","timestamp":"2026-05-06 22:39:54"}
{"level":"info","message":"Data Source has been initialized!","timestamp":"2026-05-06 22:48:05"}
{"level":"info","message":"Server is running on port 8900","timestamp":"2026-05-06 22:48:05"}
{"level":"error","message":"Not authorised - Token not found","timestamp":"2026-05-06 22:48:18"}
{"0":"2","1":"0","10":"T","11":"2","12":"1","13":":","14":"4","15":"8","16":":","17":"1","18":"8","19":".","2":"2","20":"5","21":"5","22":"3","23":"Z","3":"6","4":"-","5":"0","6":"5","7":"-","8":"0","9":"6","level":"error","message":"Error: Not authorised - Token not found","timestamp":"2026-05-06 22:48:18"}
{"0":"2","1":"0","10":"T","11":"2","12":"1","13":":","14":"4","15":"9","16":":","17":"3","18":"5","19":".","2":"2","20":"8","21":"4","22":"8","23":"Z","3":"6","4":"-","5":"0","6":"5","7":"-","8":"0","9":"6","level":"error","message":"Error: Password must be at least 10 characters long,password must be a string","timestamp":"2026-05-06 22:49:35"}
{"0":"2","1":"0","10":"T","11":"2","12":"1","13":":","14":"5","15":"0","16":":","17":"1","18":"4","19":".","2":"2","20":"0","21":"8","22":"4","23":"Z","3":"6","4":"-","5":"0","6":"5","7":"-","8":"0","9":"6","level":"error","message":"Error: Password incorrect","timestamp":"2026-05-06 22:50:14"}
{"0":"2","1":"0","10":"T","11":"2","12":"1","13":":","14":"5","15":"0","16":":","17":"4","18":"5","19":".","2":"2","20":"2","21":"3","22":"8","23":"Z","3":"6","4":"-","5":"0","6":"5","7":"-","8":"0","9":"6","level":"error","message":"Error: Password incorrect","timestamp":"2026-05-06 22:50:45"}
{"0":"2","1":"0","10":"T","11":"2","12":"1","13":":","14":"5","15":"1","16":":","17":"2","18":"7","19":".","2":"2","20":"3","21":"8","22":"1","23":"Z","3":"6","4":"-","5":"0","6":"5","7":"-","8":"0","9":"6","level":"error","message":"Error: Password incorrect","timestamp":"2026-05-06 22:51:27"}
{"0":"2","1":"0","10":"T","11":"2","12":"1","13":":","14":"5","15":"4","16":":","17":"5","18":"2","19":".","2":"2","20":"6","21":"7","22":"9","23":"Z","3":"6","4":"-","5":"0","6":"5","7":"-","8":"0","9":"6","level":"error","message":"Error: Duplicate entry 'random@email.com' for key 'email'","timestamp":"2026-05-06 22:54:52"}
{"0":"2","1":"0","10":"T","11":"2","12":"1","13":":","14":"5","15":"5","16":":","17":"3","18":"7","19":".","2":"2","20":"3","21":"1","22":"5","23":"Z","3":"6","4":"-","5":"0","6":"5","7":"-","8":"0","9":"6","level":"error","message":"Error: Password incorrect","timestamp":"2026-05-06 22:55:37"}
{"level":"info","message":"Data Source has been initialized!","timestamp":"2026-05-06 23:06:05"}
{"level":"info","message":"Server is running on port 8900","timestamp":"2026-05-06 23:06:05"}
{"0":"2","1":"0","10":"T","11":"2","12":"2","13":":","14":"0","15":"6","16":":","17":"4","18":"6","19":".","2":"2","20":"3","21":"0","22":"8","23":"Z","3":"6","4":"-","5":"0","6":"5","7":"-","8":"0","9":"6","level":"error","message":"Error: User not found","timestamp":"2026-05-06 23:06:46"}
{"0":"2","1":"0","10":"T","11":"2","12":"2","13":":","14":"0","15":"7","16":":","17":"2","18":"9","19":".","2":"2","20":"7","21":"0","22":"7","23":"Z","3":"6","4":"-","5":"0","6":"5","7":"-","8":"0","9":"6","level":"error","message":"Error: Input buffers must have the same byte length","timestamp":"2026-05-06 23:07:29"}
{"level":"info","message":"Data Source has been initialized!","timestamp":"2026-05-06 23:12:04"}
{"level":"info","message":"Server is running on port 8900","timestamp":"2026-05-06 23:12:04"}
{"code":"ECONNREFUSED","fatal":true,"level":"error","message":"Error during Data Source initialization:","stack":"AggregateError\n    at internalConnectMultiple (node:net:1134:18)\n    at afterConnectMultiple (node:net:1715:7)","timestamp":"2026-05-07 20:02:46"}
{"level":"info","message":"Data Source has been initialized!","timestamp":"2026-05-07 20:04:25"}
{"level":"info","message":"Server is running on port 8900","timestamp":"2026-05-07 20:04:25"}
{"level":"error","message":"Not authorised - Token is invalid","timestamp":"2026-05-07 20:08:52"}
{"0":"2","1":"0","10":"T","11":"1","12":"9","13":":","14":"0","15":"8","16":":","17":"5","18":"2","19":".","2":"2","20":"0","21":"3","22":"6","23":"Z","3":"6","4":"-","5":"0","6":"5","7":"-","8":"0","9":"7","level":"error","message":"Error: Not authorised - Token is invalid","timestamp":"2026-05-07 20:08:52"}
{"level":"error","message":"Cannot read properties of undefined (reading 'router')","timestamp":"2026-05-07 20:08:59"}
{"0":"2","1":"0","10":"T","11":"1","12":"9","13":":","14":"0","15":"8","16":":","17":"5","18":"9","19":".","2":"2","20":"7","21":"8","22":"1","23":"Z","3":"6","4":"-","5":"0","6":"5","7":"-","8":"0","9":"7","level":"error","message":"Error: Cannot read properties of undefined (reading 'router')","timestamp":"2026-05-07 20:08:59"}
{"level":"info","message":"Data Source has been initialized!","timestamp":"2026-05-07 20:15:55"}
{"level":"info","message":"Server is running on port 8900","timestamp":"2026-05-07 20:15:55"}
{"level":"info","message":"Data Source has been initialized!","timestamp":"2026-05-07 20:16:08"}
{"level":"info","message":"Server is running on port 8900","timestamp":"2026-05-07 20:16:08"}
{"level":"error","message":"Cannot read properties of undefined (reading 'router')","timestamp":"2026-05-07 20:16:12"}
{"0":"2","1":"0","10":"T","11":"1","12":"9","13":":","14":"1","15":"6","16":":","17":"1","18":"2","19":".","2":"2","20":"7","21":"1","22":"1","23":"Z","3":"6","4":"-","5":"0","6":"5","7":"-","8":"0","9":"7","level":"error","message":"Error: Cannot read properties of undefined (reading 'router')","timestamp":"2026-05-07 20:16:12"}
{"level":"info","message":"Data Source has been initialized!","timestamp":"2026-05-07 20:21:20"}
{"level":"info","message":"Server is running on port 8900","timestamp":"2026-05-07 20:21:20"}
{"level":"info","message":"Data Source has been initialized!","timestamp":"2026-05-08 11:59:03"}
{"level":"info","message":"Server is running on port 8900","timestamp":"2026-05-08 11:59:03"}
{"level":"error","message":"Unknown column 'user.id' in 'field list'","timestamp":"2026-05-08 12:00:40"}
{"0":"2","1":"0","10":"T","11":"1","12":"1","13":":","14":"0","15":"0","16":":","17":"4","18":"0","19":".","2":"2","20":"0","21":"8","22":"3","23":"Z","3":"6","4":"-","5":"0","6":"5","7":"-","8":"0","9":"8","level":"error","message":"Error: Unknown column 'user.id' in 'field list'","timestamp":"2026-05-08 12:00:40"}
{"level":"error","message":"Unknown column 'user.id' in 'field list'","timestamp":"2026-05-08 12:01:20"}
{"0":"2","1":"0","10":"T","11":"1","12":"1","13":":","14":"0","15":"1","16":":","17":"2","18":"0","19":".","2":"2","20":"9","21":"2","22":"9","23":"Z","3":"6","4":"-","5":"0","6":"5","7":"-","8":"0","9":"8","level":"error","message":"Error: Unknown column 'user.id' in 'field list'","timestamp":"2026-05-08 12:01:20"}
{"level":"error","message":"Unknown column 'user.id' in 'field list'","timestamp":"2026-05-08 12:03:11"}
{"0":"2","1":"0","10":"T","11":"1","12":"1","13":":","14":"0","15":"3","16":":","17":"1","18":"1","19":".","2":"2","20":"1","21":"6","22":"0","23":"Z","3":"6","4":"-","5":"0","6":"5","7":"-","8":"0","9":"8","level":"error","message":"Error: Unknown column 'user.id' in 'field list'","timestamp":"2026-05-08 12:03:11"}
{"level":"info","message":"Data Source has been initialized!","timestamp":"2026-05-08 12:06:26"}
{"level":"info","message":"Server is running on port 8900","timestamp":"2026-05-08 12:06:26"}
{"level":"error","message":"Unknown column 'user.id' in 'field list'","timestamp":"2026-05-08 12:06:29"}
{"0":"2","1":"0","10":"T","11":"1","12":"1","13":":","14":"0","15":"6","16":":","17":"2","18":"9","19":".","2":"2","20":"2","21":"8","22":"9","23":"Z","3":"6","4":"-","5":"0","6":"5","7":"-","8":"0","9":"8","level":"error","message":"Error: Unknown column 'user.id' in 'field list'","timestamp":"2026-05-08 12:06:29"}
{"level":"info","message":"Data Source has been initialized!","timestamp":"2026-05-08 12:09:13"}
{"level":"info","message":"Server is running on port 8900","timestamp":"2026-05-08 12:09:13"}
{"level":"error","message":"Unknown column 'user.id' in 'field list'","timestamp":"2026-05-08 12:09:17"}
{"0":"2","1":"0","10":"T","11":"1","12":"1","13":":","14":"0","15":"9","16":":","17":"1","18":"7","19":".","2":"2","20":"8","21":"0","22":"0","23":"Z","3":"6","4":"-","5":"0","6":"5","7":"-","8":"0","9":"8","level":"error","message":"Error: Unknown column 'user.id' in 'field list'","timestamp":"2026-05-08 12:09:17"}
{"level":"info","message":"Data Source has been initialized!","timestamp":"2026-05-08 12:09:48"}
{"level":"info","message":"Server is running on port 8900","timestamp":"2026-05-08 12:09:48"}
{"level":"error","message":"Unknown column 'user.id' in 'field list'","timestamp":"2026-05-08 12:09:51"}
{"0":"2","1":"0","10":"T","11":"1","12":"1","13":":","14":"0","15":"9","16":":","17":"5","18":"1","19":".","2":"2","20":"2","21":"0","22":"1","23":"Z","3":"6","4":"-","5":"0","6":"5","7":"-","8":"0","9":"8","level":"error","message":"Error: Unknown column 'user.id' in 'field list'","timestamp":"2026-05-08 12:09:51"}
{"level":"error","message":"Not authorised - Token is invalid","timestamp":"2026-05-08 12:10:36"}
{"0":"2","1":"0","10":"T","11":"1","12":"1","13":":","14":"1","15":"0","16":":","17":"3","18":"6","19":".","2":"2","20":"5","21":"1","22":"2","23":"Z","3":"6","4":"-","5":"0","6":"5","7":"-","8":"0","9":"8","level":"error","message":"Error: Not authorised - Token is invalid","timestamp":"2026-05-08 12:10:36"}
{"level":"info","message":"Data Source has been initialized!","timestamp":"2026-05-08 12:20:08"}
{"level":"info","message":"Server is running on port 8900","timestamp":"2026-05-08 12:20:08"}
{"level":"info","message":"Data Source has been initialized!","timestamp":"2026-05-08 12:25:28"}
{"level":"info","message":"Server is running on port 8900","timestamp":"2026-05-08 12:25:28"}
{"level":"error","message":"Unknown column 'User.updatedAt' in 'field list'","timestamp":"2026-05-08 12:25:31"}
{"0":"2","1":"0","10":"T","11":"1","12":"1","13":":","14":"2","15":"5","16":":","17":"3","18":"1","19":".","2":"2","20":"9","21":"6","22":"0","23":"Z","3":"6","4":"-","5":"0","6":"5","7":"-","8":"0","9":"8","level":"error","message":"Error: Unknown column 'User.updatedAt' in 'field list'","timestamp":"2026-05-08 12:25:31"}
{"level":"info","message":"Data Source has been initialized!","timestamp":"2026-05-08 12:31:31"}
{"level":"info","message":"Server is running on port 8900","timestamp":"2026-05-08 12:31:31"}
{"level":"error","message":"Unknown column 'User.updatedAt' in 'field list'","timestamp":"2026-05-08 12:31:34"}
{"0":"2","1":"0","10":"T","11":"1","12":"1","13":":","14":"3","15":"1","16":":","17":"3","18":"4","19":".","2":"2","20":"6","21":"4","22":"0","23":"Z","3":"6","4":"-","5":"0","6":"5","7":"-","8":"0","9":"8","level":"error","message":"Error: Unknown column 'User.updatedAt' in 'field list'","timestamp":"2026-05-08 12:31:34"}
{"level":"info","message":"Data Source has been initialized!","timestamp":"2026-05-08 12:33:57"}
{"level":"info","message":"Server is running on port 8900","timestamp":"2026-05-08 12:33:57"}
{"level":"info","message":"Data Source has been initialized!","timestamp":"2026-05-08 13:25:54"}
{"level":"info","message":"Server is running on port 8900","timestamp":"2026-05-08 13:25:54"}
{"level":"error","message":"No metadata for \"LeaveRequest\" was found.","timestamp":"2026-05-08 13:26:25"}
{"0":"2","1":"0","10":"T","11":"1","12":"2","13":":","14":"2","15":"6","16":":","17":"2","18":"5","19":".","2":"2","20":"6","21":"7","22":"5","23":"Z","3":"6","4":"-","5":"0","6":"5","7":"-","8":"0","9":"8","level":"error","message":"Error: No metadata for \"LeaveRequest\" was found.","timestamp":"2026-05-08 13:26:25"}
{"level":"info","message":"Data Source has been initialized!","timestamp":"2026-05-08 13:27:19"}
{"level":"info","message":"Server is running on port 8900","timestamp":"2026-05-08 13:27:19"}
{"level":"info","message":"Data Source has been initialized!","timestamp":"2026-05-08 22:37:14"}
{"level":"info","message":"Server is running on port 8900","timestamp":"2026-05-08 22:37:14"}
{"level":"error","message":"End date must be valid","timestamp":"2026-05-08 22:38:48"}
{"0":"2","1":"0","10":"T","11":"2","12":"1","13":":","14":"3","15":"8","16":":","17":"4","18":"8","19":".","2":"2","20":"7","21":"0","22":"2","23":"Z","3":"6","4":"-","5":"0","6":"5","7":"-","8":"0","9":"8","level":"error","message":"Error: End date must be valid","timestamp":"2026-05-08 22:38:48"}
{"level":"error","message":"Unknown column 'userManagementId' in 'field list'","timestamp":"2026-05-08 22:39:14"}
{"0":"2","1":"0","10":"T","11":"2","12":"1","13":":","14":"3","15":"9","16":":","17":"1","18":"4","19":".","2":"2","20":"3","21":"3","22":"2","23":"Z","3":"6","4":"-","5":"0","6":"5","7":"-","8":"0","9":"8","level":"error","message":"Error: Unknown column 'userManagementId' in 'field list'","timestamp":"2026-05-08 22:39:14"}
{"level":"error","message":"Unknown column 'UserManagement.userManagementId' in 'field list'","timestamp":"2026-05-08 22:39:33"}
{"0":"2","1":"0","10":"T","11":"2","12":"1","13":":","14":"3","15":"9","16":":","17":"3","18":"3","19":".","2":"2","20":"4","21":"4","22":"6","23":"Z","3":"6","4":"-","5":"0","6":"5","7":"-","8":"0","9":"8","level":"error","message":"Error: Unknown column 'UserManagement.userManagementId' in 'field list'","timestamp":"2026-05-08 22:39:33"}
{"level":"info","message":"Data Source has been initialized!","timestamp":"2026-05-08 22:41:21"}
{"level":"info","message":"Server is running on port 8900","timestamp":"2026-05-08 22:41:21"}
{"level":"error","message":"read ECONNRESET","timestamp":"2026-05-08 22:42:07"}
{"0":"2","1":"0","10":"T","11":"2","12":"1","13":":","14":"4","15":"2","16":":","17":"0","18":"7","19":".","2":"2","20":"5","21":"9","22":"6","23":"Z","3":"6","4":"-","5":"0","6":"5","7":"-","8":"0","9":"8","level":"error","message":"Error: read ECONNRESET","timestamp":"2026-05-08 22:42:07"}
{"level":"error","message":"","timestamp":"2026-05-08 22:42:30"}
{"0":"2","1":"0","10":"T","11":"2","12":"1","13":":","14":"4","15":"2","16":":","17":"3","18":"0","19":".","2":"2","20":"9","21":"6","22":"9","23":"Z","3":"6","4":"-","5":"0","6":"5","7":"-","8":"0","9":"8","level":"error","message":"Error: Unexpected error","timestamp":"2026-05-08 22:42:30"}
{"level":"error","message":"","timestamp":"2026-05-08 22:42:36"}
{"0":"2","1":"0","10":"T","11":"2","12":"1","13":":","14":"4","15":"2","16":":","17":"3","18":"6","19":".","2":"2","20":"0","21":"6","22":"4","23":"Z","3":"6","4":"-","5":"0","6":"5","7":"-","8":"0","9":"8","level":"error","message":"Error: Unexpected error","timestamp":"2026-05-08 22:42:36"}
{"level":"error","message":"","timestamp":"2026-05-08 22:42:43"}
{"0":"2","1":"0","10":"T","11":"2","12":"1","13":":","14":"4","15":"2","16":":","17":"4","18":"3","19":".","2":"2","20":"8","21":"2","22":"6","23":"Z","3":"6","4":"-","5":"0","6":"5","7":"-","8":"0","9":"8","level":"error","message":"Error: Unexpected error","timestamp":"2026-05-08 22:42:43"}
{"level":"error","message":"","timestamp":"2026-05-08 22:42:45"}
{"0":"2","1":"0","10":"T","11":"2","12":"1","13":":","14":"4","15":"2","16":":","17":"4","18":"5","19":".","2":"2","20":"1","21":"0","22":"2","23":"Z","3":"6","4":"-","5":"0","6":"5","7":"-","8":"0","9":"8","level":"error","message":"Error: Unexpected error","timestamp":"2026-05-08 22:42:45"}
{"level":"error","message":"","timestamp":"2026-05-08 22:42:53"}
{"0":"2","1":"0","10":"T","11":"2","12":"1","13":":","14":"4","15":"2","16":":","17":"5","18":"3","19":".","2":"2","20":"4","21":"6","22":"9","23":"Z","3":"6","4":"-","5":"0","6":"5","7":"-","8":"0","9":"8","level":"error","message":"Error: Unexpected error","timestamp":"2026-05-08 22:42:53"}
{"level":"error","message":"","timestamp":"2026-05-08 22:43:13"}
{"0":"2","1":"0","10":"T","11":"2","12":"1","13":":","14":"4","15":"3","16":":","17":"1","18":"3","19":".","2":"2","20":"3","21":"3","22":"0","23":"Z","3":"6","4":"-","5":"0","6":"5","7":"-","8":"0","9":"8","level":"error","message":"Error: Unexpected error","timestamp":"2026-05-08 22:43:13"}
{"level":"error","message":"Not authorised - Token is invalid","timestamp":"2026-05-08 22:43:21"}
{"0":"2","1":"0","10":"T","11":"2","12":"1","13":":","14":"4","15":"3","16":":","17":"2","18":"1","19":".","2":"2","20":"2","21":"0","22":"3","23":"Z","3":"6","4":"-","5":"0","6":"5","7":"-","8":"0","9":"8","level":"error","message":"Error: Not authorised - Token is invalid","timestamp":"2026-05-08 22:43:21"}
{"level":"error","message":"","timestamp":"2026-05-08 22:43:26"}
{"0":"2","1":"0","10":"T","11":"2","12":"1","13":":","14":"4","15":"3","16":":","17":"2","18":"6","19":".","2":"2","20":"0","21":"1","22":"4","23":"Z","3":"6","4":"-","5":"0","6":"5","7":"-","8":"0","9":"8","level":"error","message":"Error: Unexpected error","timestamp":"2026-05-08 22:43:26"}
{"level":"error","message":"No manager found for employee ID 3","timestamp":"2026-05-08 22:45:11"}
{"0":"2","1":"0","10":"T","11":"2","12":"1","13":":","14":"4","15":"5","16":":","17":"1","18":"1","19":".","2":"2","20":"5","21":"7","22":"7","23":"Z","3":"6","4":"-","5":"0","6":"5","7":"-","8":"0","9":"8","level":"error","message":"Error: No manager found for employee ID 3","timestamp":"2026-05-08 22:45:11"}
{"level":"error","message":"A user cannot be their own manager","timestamp":"2026-05-08 22:46:09"}
{"0":"2","1":"0","10":"T","11":"2","12":"1","13":":","14":"4","15":"6","16":":","17":"0","18":"9","19":".","2":"2","20":"2","21":"2","22":"0","23":"Z","3":"6","4":"-","5":"0","6":"5","7":"-","8":"0","9":"8","level":"error","message":"Error: A user cannot be their own manager","timestamp":"2026-05-08 22:46:09"}
{"level":"error","message":"End date must be valid","timestamp":"2026-05-08 22:46:21"}
{"0":"2","1":"0","10":"T","11":"2","12":"1","13":":","14":"4","15":"6","16":":","17":"2","18":"1","19":".","2":"2","20":"5","21":"9","22":"1","23":"Z","3":"6","4":"-","5":"0","6":"5","7":"-","8":"0","9":"8","level":"error","message":"Error: End date must be valid","timestamp":"2026-05-08 22:46:21"}
{"level":"error","message":"Date range overlaps with existing leave request","timestamp":"2026-05-08 22:48:01"}
{"0":"2","1":"0","10":"T","11":"2","12":"1","13":":","14":"4","15":"8","16":":","17":"0","18":"1","19":".","2":"2","20":"7","21":"3","22":"6","23":"Z","3":"6","4":"-","5":"0","6":"5","7":"-","8":"0","9":"8","level":"error","message":"Error: Date range overlaps with existing leave request","timestamp":"2026-05-08 22:48:01"}
{"level":"error","message":"Date range overlaps with existing leave request","timestamp":"2026-05-08 22:51:23"}
{"0":"2","1":"0","10":"T","11":"2","12":"1","13":":","14":"5","15":"1","16":":","17":"2","18":"3","19":".","2":"2","20":"7","21":"9","22":"7","23":"Z","3":"6","4":"-","5":"0","6":"5","7":"-","8":"0","9":"8","level":"error","message":"Error: Date range overlaps with existing leave request","timestamp":"2026-05-08 22:51:23"}
{"level":"error","message":"End date cannot be before start date","timestamp":"2026-05-08 22:51:33"}
{"0":"2","1":"0","10":"T","11":"2","12":"1","13":":","14":"5","15":"1","16":":","17":"3","18":"3","19":".","2":"2","20":"4","21":"1","22":"5","23":"Z","3":"6","4":"-","5":"0","6":"5","7":"-","8":"0","9":"8","level":"error","message":"Error: End date cannot be before start date","timestamp":"2026-05-08 22:51:33"}
{"level":"error","message":"Days requested exceed the remaining balance","timestamp":"2026-05-08 22:51:43"}
{"0":"2","1":"0","10":"T","11":"2","12":"1","13":":","14":"5","15":"1","16":":","17":"4","18":"3","19":".","2":"2","20":"1","21":"1","22":"3","23":"Z","3":"6","4":"-","5":"0","6":"5","7":"-","8":"0","9":"8","level":"error","message":"Error: Days requested exceed the remaining balance","timestamp":"2026-05-08 22:51:43"}
{"level":"error","message":"Leave request already approved","timestamp":"2026-05-08 22:53:40"}
{"0":"2","1":"0","10":"T","11":"2","12":"1","13":":","14":"5","15":"3","16":":","17":"4","18":"0","19":".","2":"2","20":"7","21":"4","22":"3","23":"Z","3":"6","4":"-","5":"0","6":"5","7":"-","8":"0","9":"8","level":"error","message":"Error: Leave request already approved","timestamp":"2026-05-08 22:53:40"}
{"level":"error","message":"Leave request already approved","timestamp":"2026-05-08 22:55:38"}
{"0":"2","1":"0","10":"T","11":"2","12":"1","13":":","14":"5","15":"5","16":":","17":"3","18":"8","19":".","2":"2","20":"0","21":"2","22":"8","23":"Z","3":"6","4":"-","5":"0","6":"5","7":"-","8":"0","9":"8","level":"error","message":"Error: Leave request already approved","timestamp":"2026-05-08 22:55:38"}
{"level":"error","message":"Leave request already approved","timestamp":"2026-05-08 22:55:41"}
{"0":"2","1":"0","10":"T","11":"2","12":"1","13":":","14":"5","15":"5","16":":","17":"4","18":"1","19":".","2":"2","20":"5","21":"1","22":"9","23":"Z","3":"6","4":"-","5":"0","6":"5","7":"-","8":"0","9":"8","level":"error","message":"Error: Leave request already approved","timestamp":"2026-05-08 22:55:41"}
{"level":"error","message":"Cannot destructure property 'reason' of 'req.body' as it is undefined.","timestamp":"2026-05-08 22:56:02"}
{"0":"2","1":"0","10":"T","11":"2","12":"1","13":":","14":"5","15":"6","16":":","17":"0","18":"2","19":".","2":"2","20":"4","21":"4","22":"1","23":"Z","3":"6","4":"-","5":"0","6":"5","7":"-","8":"0","9":"8","level":"error","message":"Error: Cannot destructure property 'reason' of 'req.body' as it is undefined.","timestamp":"2026-05-08 22:56:02"}
{"level":"error","message":"Leave request already cancelled","timestamp":"2026-05-08 22:56:33"}
{"0":"2","1":"0","10":"T","11":"2","12":"1","13":":","14":"5","15":"6","16":":","17":"3","18":"3","19":".","2":"2","20":"8","21":"7","22":"9","23":"Z","3":"6","4":"-","5":"0","6":"5","7":"-","8":"0","9":"8","level":"error","message":"Error: Leave request already cancelled","timestamp":"2026-05-08 22:56:33"}
{"level":"info","message":"Data Source has been initialized!","timestamp":"2026-05-08 22:59:43"}
{"level":"info","message":"Server is running on port 8900","timestamp":"2026-05-08 22:59:43"}
{"code":"ECONNREFUSED","fatal":true,"level":"error","message":"Error during Data Source initialization:","stack":"AggregateError\n    at internalConnectMultiple (node:net:1134:18)\n    at afterConnectMultiple (node:net:1715:7)","timestamp":"2026-05-08 23:38:08"}
{"level":"info","message":"Data Source has been initialized!","timestamp":"2026-05-10 18:31:06"}
{"level":"info","message":"Server is running on port 8900","timestamp":"2026-05-10 18:31:06"}
{"level":"error","message":"User not found","timestamp":"2026-05-10 18:31:08"}
{"0":"2","1":"0","10":"T","11":"1","12":"7","13":":","14":"3","15":"1","16":":","17":"0","18":"8","19":".","2":"2","20":"8","21":"2","22":"4","23":"Z","3":"6","4":"-","5":"0","6":"5","7":"-","8":"1","9":"0","level":"error","message":"Error: User not found","timestamp":"2026-05-10 18:31:08"}
{"level":"error","message":"Password incorrect","timestamp":"2026-05-10 18:32:15"}
{"0":"2","1":"0","10":"T","11":"1","12":"7","13":":","14":"3","15":"2","16":":","17":"1","18":"5","19":".","2":"2","20":"7","21":"8","22":"0","23":"Z","3":"6","4":"-","5":"0","6":"5","7":"-","8":"1","9":"0","level":"error","message":"Error: Password incorrect","timestamp":"2026-05-10 18:32:15"}
{"level":"error","message":"Not authorised - Token not found","timestamp":"2026-05-10 18:32:31"}
{"0":"2","1":"0","10":"T","11":"1","12":"7","13":":","14":"3","15":"2","16":":","17":"3","18":"1","19":".","2":"2","20":"5","21":"7","22":"0","23":"Z","3":"6","4":"-","5":"0","6":"5","7":"-","8":"1","9":"0","level":"error","message":"Error: Not authorised - Token not found","timestamp":"2026-05-10 18:32:31"}
{"level":"error","message":"Invalid or expired token","timestamp":"2026-05-10 18:33:09"}
{"0":"2","1":"0","10":"T","11":"1","12":"7","13":":","14":"3","15":"3","16":":","17":"0","18":"9","19":".","2":"2","20":"8","21":"5","22":"0","23":"Z","3":"6","4":"-","5":"0","6":"5","7":"-","8":"1","9":"0","level":"error","message":"Error: Invalid or expired token","timestamp":"2026-05-10 18:33:09"}
{"level":"error","message":"Invalid or expired token","timestamp":"2026-05-10 18:34:27"}
{"0":"2","1":"0","10":"T","11":"1","12":"7","13":":","14":"3","15":"4","16":":","17":"2","18":"7","19":".","2":"2","20":"0","21":"9","22":"9","23":"Z","3":"6","4":"-","5":"0","6":"5","7":"-","8":"1","9":"0","level":"error","message":"Error: Invalid or expired token","timestamp":"2026-05-10 18:34:27"}
{"level":"error","message":"Invalid or expired token","timestamp":"2026-05-10 18:37:09"}
{"0":"2","1":"0","10":"T","11":"1","12":"7","13":":","14":"3","15":"7","16":":","17":"0","18":"9","19":".","2":"2","20":"2","21":"2","22":"4","23":"Z","3":"6","4":"-","5":"0","6":"5","7":"-","8":"1","9":"0","level":"error","message":"Error: Invalid or expired token","timestamp":"2026-05-10 18:37:09"}
{"level":"error","message":"Invalid or expired token","timestamp":"2026-05-10 18:37:11"}
{"0":"2","1":"0","10":"T","11":"1","12":"7","13":":","14":"3","15":"7","16":":","17":"1","18":"1","19":".","2":"2","20":"9","21":"5","22":"6","23":"Z","3":"6","4":"-","5":"0","6":"5","7":"-","8":"1","9":"0","level":"error","message":"Error: Invalid or expired token","timestamp":"2026-05-10 18:37:11"}
{"level":"error","message":"User not found","timestamp":"2026-05-10 18:37:23"}
{"0":"2","1":"0","10":"T","11":"1","12":"7","13":":","14":"3","15":"7","16":":","17":"2","18":"3","19":".","2":"2","20":"7","21":"6","22":"6","23":"Z","3":"6","4":"-","5":"0","6":"5","7":"-","8":"1","9":"0","level":"error","message":"Error: User not found","timestamp":"2026-05-10 18:37:23"}
{"level":"error","message":"Must be a valid email address","timestamp":"2026-05-10 18:38:36"}
{"0":"2","1":"0","10":"T","11":"1","12":"7","13":":","14":"3","15":"8","16":":","17":"3","18":"6","19":".","2":"2","20":"3","21":"8","22":"3","23":"Z","3":"6","4":"-","5":"0","6":"5","7":"-","8":"1","9":"0","level":"error","message":"Error: Must be a valid email address","timestamp":"2026-05-10 18:38:36"}
{"level":"error","message":"A user cannot be their own manager","timestamp":"2026-05-10 18:56:59"}
{"0":"2","1":"0","10":"T","11":"1","12":"7","13":":","14":"5","15":"6","16":":","17":"5","18":"9","19":".","2":"2","20":"3","21":"2","22":"1","23":"Z","3":"6","4":"-","5":"0","6":"5","7":"-","8":"1","9":"0","level":"error","message":"Error: A user cannot be their own manager","timestamp":"2026-05-10 18:56:59"}
{"level":"error","message":"Invalid employee ID","timestamp":"2026-05-10 18:59:33"}
{"0":"2","1":"0","10":"T","11":"1","12":"7","13":":","14":"5","15":"9","16":":","17":"3","18":"3","19":".","2":"2","20":"1","21":"4","22":"0","23":"Z","3":"6","4":"-","5":"0","6":"5","7":"-","8":"1","9":"0","level":"error","message":"Error: Invalid employee ID","timestamp":"2026-05-10 18:59:33"}
{"level":"error","message":"End date cannot be before start date","timestamp":"2026-05-10 19:00:03"}
{"0":"2","1":"0","10":"T","11":"1","12":"8","13":":","14":"0","15":"0","16":":","17":"0","18":"3","19":".","2":"2","20":"5","21":"4","22":"1","23":"Z","3":"6","4":"-","5":"0","6":"5","7":"-","8":"1","9":"0","level":"error","message":"Error: End date cannot be before start date","timestamp":"2026-05-10 19:00:03"}
{"level":"error","message":"Date range overlaps with existing leave request","timestamp":"2026-05-10 19:00:16"}
{"0":"2","1":"0","10":"T","11":"1","12":"8","13":":","14":"0","15":"0","16":":","17":"1","18":"6","19":".","2":"2","20":"1","21":"6","22":"5","23":"Z","3":"6","4":"-","5":"0","6":"5","7":"-","8":"1","9":"0","level":"error","message":"Error: Date range overlaps with existing leave request","timestamp":"2026-05-10 19:00:16"}
{"level":"error","message":"Days requested exceed the remaining balance","timestamp":"2026-05-10 19:00:25"}
{"0":"2","1":"0","10":"T","11":"1","12":"8","13":":","14":"0","15":"0","16":":","17":"2","18":"5","19":".","2":"2","20":"6","21":"1","22":"7","23":"Z","3":"6","4":"-","5":"0","6":"5","7":"-","8":"1","9":"0","level":"error","message":"Error: Days requested exceed the remaining balance","timestamp":"2026-05-10 19:00:25"}
{"level":"error","message":"Leave request already approved","timestamp":"2026-05-10 19:02:26"}
{"0":"2","1":"0","10":"T","11":"1","12":"8","13":":","14":"0","15":"2","16":":","17":"2","18":"6","19":".","2":"2","20":"8","21":"5","22":"2","23":"Z","3":"6","4":"-","5":"0","6":"5","7":"-","8":"1","9":"0","level":"error","message":"Error: Leave request already approved","timestamp":"2026-05-10 19:02:26"}
{"level":"error","message":"Already approved or cancelled leave requests cannot be rejected","timestamp":"2026-05-10 19:03:31"}
{"0":"2","1":"0","10":"T","11":"1","12":"8","13":":","14":"0","15":"3","16":":","17":"3","18":"1","19":".","2":"2","20":"1","21":"9","22":"5","23":"Z","3":"6","4":"-","5":"0","6":"5","7":"-","8":"1","9":"0","level":"error","message":"Error: Already approved or cancelled leave requests cannot be rejected","timestamp":"2026-05-10 19:03:31"}
{"level":"error","message":"Leave request already cancelled","timestamp":"2026-05-10 19:04:36"}
{"0":"2","1":"0","10":"T","11":"1","12":"8","13":":","14":"0","15":"4","16":":","17":"3","18":"6","19":".","2":"2","20":"6","21":"4","22":"1","23":"Z","3":"6","4":"-","5":"0","6":"5","7":"-","8":"1","9":"0","level":"error","message":"Error: Leave request already cancelled","timestamp":"2026-05-10 19:04:36"}
{"level":"error","message":"No email provided","timestamp":"2026-05-10 19:05:54"}
{"0":"2","1":"0","10":"T","11":"1","12":"8","13":":","14":"0","15":"5","16":":","17":"5","18":"4","19":".","2":"2","20":"1","21":"6","22":"7","23":"Z","3":"6","4":"-","5":"0","6":"5","7":"-","8":"1","9":"0","level":"error","message":"Error: No email provided","timestamp":"2026-05-10 19:05:54"}
{"level":"error","message":"Invalid or expired token","timestamp":"2026-05-10 19:06:56"}
{"0":"2","1":"0","10":"T","11":"1","12":"8","13":":","14":"0","15":"6","16":":","17":"5","18":"6","19":".","2":"2","20":"3","21":"0","22":"4","23":"Z","3":"6","4":"-","5":"0","6":"5","7":"-","8":"1","9":"0","level":"error","message":"Error: Invalid or expired token","timestamp":"2026-05-10 19:06:56"}
{"level":"error","message":"Invalid or expired token","timestamp":"2026-05-10 19:07:25"}
{"0":"2","1":"0","10":"T","11":"1","12":"8","13":":","14":"0","15":"7","16":":","17":"2","18":"5","19":".","2":"2","20":"3","21":"1","22":"1","23":"Z","3":"6","4":"-","5":"0","6":"5","7":"-","8":"1","9":"0","level":"error","message":"Error: Invalid or expired token","timestamp":"2026-05-10 19:07:25"}
{"level":"error","message":"Not authorised - Token not found","timestamp":"2026-05-10 19:07:41"}
{"0":"2","1":"0","10":"T","11":"1","12":"8","13":":","14":"0","15":"7","16":":","17":"4","18":"1","19":".","2":"2","20":"9","21":"5","22":"6","23":"Z","3":"6","4":"-","5":"0","6":"5","7":"-","8":"1","9":"0","level":"error","message":"Error: Not authorised - Token not found","timestamp":"2026-05-10 19:07:41"}
{"level":"error","message":"Invalid or expired token","timestamp":"2026-05-10 19:08:36"}
{"0":"2","1":"0","10":"T","11":"1","12":"8","13":":","14":"0","15":"8","16":":","17":"3","18":"6","19":".","2":"2","20":"4","21":"6","22":"4","23":"Z","3":"6","4":"-","5":"0","6":"5","7":"-","8":"1","9":"0","level":"error","message":"Error: Invalid or expired token","timestamp":"2026-05-10 19:08:36"}
{"level":"info","message":"Data Source has been initialized!","timestamp":"2026-05-10 19:37:14"}
{"level":"info","message":"Server is running on port 8900","timestamp":"2026-05-10 19:37:14"}
{"level":"error","message":"You are not authorised to access this endpoint","timestamp":"2026-05-10 19:38:01"}
{"0":"2","1":"0","10":"T","11":"1","12":"8","13":":","14":"3","15":"8","16":":","17":"0","18":"1","19":".","2":"2","20":"3","21":"2","22":"0","23":"Z","3":"6","4":"-","5":"0","6":"5","7":"-","8":"1","9":"0","level":"error","message":"Error: You are not authorised to access this endpoint","timestamp":"2026-05-10 19:38:01"}
{"level":"info","message":"Data Source has been initialized!","timestamp":"2026-05-11 19:49:39"}
{"level":"info","message":"Server is running on port 8900","timestamp":"2026-05-11 19:49:39"}
{"level":"error","message":"User not found","timestamp":"2026-05-11 19:54:18"}
{"0":"2","1":"0","10":"T","11":"1","12":"8","13":":","14":"5","15":"4","16":":","17":"1","18":"8","19":".","2":"2","20":"4","21":"2","22":"6","23":"Z","3":"6","4":"-","5":"0","6":"5","7":"-","8":"1","9":"1","level":"error","message":"Error: User not found","timestamp":"2026-05-11 19:54:18"}
{"level":"error","message":"Input buffers must have the same byte length","timestamp":"2026-05-11 19:54:59"}
{"0":"2","1":"0","10":"T","11":"1","12":"8","13":":","14":"5","15":"4","16":":","17":"5","18":"9","19":".","2":"2","20":"0","21":"9","22":"0","23":"Z","3":"6","4":"-","5":"0","6":"5","7":"-","8":"1","9":"1","level":"error","message":"Error: Input buffers must have the same byte length","timestamp":"2026-05-11 19:54:59"}
{"level":"error","message":"Input buffers must have the same byte length","timestamp":"2026-05-11 19:55:07"}
{"0":"2","1":"0","10":"T","11":"1","12":"8","13":":","14":"5","15":"5","16":":","17":"0","18":"7","19":".","2":"2","20":"0","21":"9","22":"9","23":"Z","3":"6","4":"-","5":"0","6":"5","7":"-","8":"1","9":"1","level":"error","message":"Error: Input buffers must have the same byte length","timestamp":"2026-05-11 19:55:07"}
{"level":"error","message":"Password incorrect","timestamp":"2026-05-11 19:56:42"}
{"0":"2","1":"0","10":"T","11":"1","12":"8","13":":","14":"5","15":"6","16":":","17":"4","18":"2","19":".","2":"2","20":"2","21":"5","22":"7","23":"Z","3":"6","4":"-","5":"0","6":"5","7":"-","8":"1","9":"1","level":"error","message":"Error: Password incorrect","timestamp":"2026-05-11 19:56:42"}
{"level":"error","message":"Not authorised - Token not found","timestamp":"2026-05-11 20:03:13"}
{"0":"2","1":"0","10":"T","11":"1","12":"9","13":":","14":"0","15":"3","16":":","17":"1","18":"3","19":".","2":"2","20":"4","21":"1","22":"8","23":"Z","3":"6","4":"-","5":"0","6":"5","7":"-","8":"1","9":"1","level":"error","message":"Error: Not authorised - Token not found","timestamp":"2026-05-11 20:03:13"}
{"level":"error","message":"You are not authorised to access this endpoint","timestamp":"2026-05-11 20:13:21"}
{"0":"2","1":"0","10":"T","11":"1","12":"9","13":":","14":"1","15":"3","16":":","17":"2","18":"1","19":".","2":"2","20":"7","21":"5","22":"4","23":"Z","3":"6","4":"-","5":"0","6":"5","7":"-","8":"1","9":"1","level":"error","message":"Error: You are not authorised to access this endpoint","timestamp":"2026-05-11 20:13:21"}
{"level":"error","message":"You are not authorised to access this endpoint","timestamp":"2026-05-11 20:14:29"}
{"0":"2","1":"0","10":"T","11":"1","12":"9","13":":","14":"1","15":"4","16":":","17":"2","18":"9","19":".","2":"2","20":"9","21":"0","22":"5","23":"Z","3":"6","4":"-","5":"0","6":"5","7":"-","8":"1","9":"1","level":"error","message":"Error: You are not authorised to access this endpoint","timestamp":"2026-05-11 20:14:29"}
{"level":"error","message":"Must be a valid email address","timestamp":"2026-05-11 20:14:37"}
{"0":"2","1":"0","10":"T","11":"1","12":"9","13":":","14":"1","15":"4","16":":","17":"3","18":"7","19":".","2":"2","20":"1","21":"4","22":"9","23":"Z","3":"6","4":"-","5":"0","6":"5","7":"-","8":"1","9":"1","level":"error","message":"Error: Must be a valid email address","timestamp":"2026-05-11 20:14:37"}
{"level":"error","message":"read ECONNRESET","timestamp":"2026-05-11 20:15:38"}
{"0":"2","1":"0","10":"T","11":"1","12":"9","13":":","14":"1","15":"5","16":":","17":"3","18":"8","19":".","2":"2","20":"8","21":"4","22":"2","23":"Z","3":"6","4":"-","5":"0","6":"5","7":"-","8":"1","9":"1","level":"error","message":"Error: read ECONNRESET","timestamp":"2026-05-11 20:15:38"}
{"level":"error","message":"read ECONNRESET","timestamp":"2026-05-11 20:15:38"}
{"0":"2","1":"0","10":"T","11":"1","12":"9","13":":","14":"1","15":"5","16":":","17":"3","18":"8","19":".","2":"2","20":"8","21":"4","22":"4","23":"Z","3":"6","4":"-","5":"0","6":"5","7":"-","8":"1","9":"1","level":"error","message":"Error: read ECONNRESET","timestamp":"2026-05-11 20:15:38"}
{"level":"error","message":"read ECONNRESET","timestamp":"2026-05-11 20:15:38"}
{"0":"2","1":"0","10":"T","11":"1","12":"9","13":":","14":"1","15":"5","16":":","17":"3","18":"8","19":".","2":"2","20":"8","21":"4","22":"5","23":"Z","3":"6","4":"-","5":"0","6":"5","7":"-","8":"1","9":"1","level":"error","message":"Error: read ECONNRESET","timestamp":"2026-05-11 20:15:38"}
{"level":"error","message":"Password must be at least 10 characters long, password must be a string","timestamp":"2026-05-11 20:19:32"}
{"0":"2","1":"0","10":"T","11":"1","12":"9","13":":","14":"1","15":"9","16":":","17":"3","18":"2","19":".","2":"2","20":"5","21":"2","22":"4","23":"Z","3":"6","4":"-","5":"0","6":"5","7":"-","8":"1","9":"1","level":"error","message":"Error: Password must be at least 10 characters long, password must be a string","timestamp":"2026-05-11 20:19:32"}
{"level":"info","message":"Data Source has been initialized!","timestamp":"2026-05-11 20:26:01"}
{"level":"info","message":"Server is running on port 8900","timestamp":"2026-05-11 20:26:01"}
{"level":"error","message":"Password must be at least 10 characters long, password must be a string","timestamp":"2026-05-11 20:26:03"}
{"0":"2","1":"0","10":"T","11":"1","12":"9","13":":","14":"2","15":"6","16":":","17":"0","18":"3","19":".","2":"2","20":"6","21":"5","22":"3","23":"Z","3":"6","4":"-","5":"0","6":"5","7":"-","8":"1","9":"1","level":"error","message":"Error: Password must be at least 10 characters long, password must be a string","timestamp":"2026-05-11 20:26:03"}
{"level":"error","message":"Password must be at least 10 characters long, password must be a string","timestamp":"2026-05-11 20:26:05"}
{"0":"2","1":"0","10":"T","11":"1","12":"9","13":":","14":"2","15":"6","16":":","17":"0","18":"5","19":".","2":"2","20":"7","21":"4","22":"3","23":"Z","3":"6","4":"-","5":"0","6":"5","7":"-","8":"1","9":"1","level":"error","message":"Error: Password must be at least 10 characters long, password must be a string","timestamp":"2026-05-11 20:26:05"}
{"level":"error","message":"Password must be at least 10 characters long, password must be a string","timestamp":"2026-05-11 20:26:33"}
{"0":"2","1":"0","10":"T","11":"1","12":"9","13":":","14":"2","15":"6","16":":","17":"3","18":"3","19":".","2":"2","20":"0","21":"2","22":"1","23":"Z","3":"6","4":"-","5":"0","6":"5","7":"-","8":"1","9":"1","level":"error","message":"Error: Password must be at least 10 characters long, password must be a string","timestamp":"2026-05-11 20:26:33"}
{"level":"info","message":"Data Source has been initialized!","timestamp":"2026-05-11 20:29:12"}
{"level":"info","message":"Server is running on port 8900","timestamp":"2026-05-11 20:29:12"}
{"level":"info","message":"Data Source has been initialized!","timestamp":"2026-05-11 20:29:51"}
{"level":"info","message":"Server is running on port 8900","timestamp":"2026-05-11 20:29:51"}
{"level":"error","message":"Cannot delete or update a parent row: a foreign key constraint fails (`leave_booking`.`leaverequest`, CONSTRAINT `fk_leaverequest_user` FOREIGN KEY (`userId`) REFERENCES `user` (`userId`))","timestamp":"2026-05-11 20:31:11"}
{"0":"2","1":"0","10":"T","11":"1","12":"9","13":":","14":"3","15":"1","16":":","17":"1","18":"1","19":".","2":"2","20":"2","21":"3","22":"0","23":"Z","3":"6","4":"-","5":"0","6":"5","7":"-","8":"1","9":"1","level":"error","message":"Error: Cannot delete or update a parent row: a foreign key constraint fails (`leave_booking`.`leaverequest`, CONSTRAINT `fk_leaverequest_user` FOREIGN KEY (`userId`) REFERENCES `user` (`userId`))","timestamp":"2026-05-11 20:31:11"}
{"level":"error","message":"Cannot delete or update a parent row: a foreign key constraint fails (`leave_booking`.`leaverequest`, CONSTRAINT `fk_leaverequest_user` FOREIGN KEY (`userId`) REFERENCES `user` (`userId`))","timestamp":"2026-05-11 20:31:40"}
{"0":"2","1":"0","10":"T","11":"1","12":"9","13":":","14":"3","15":"1","16":":","17":"4","18":"0","19":".","2":"2","20":"4","21":"7","22":"5","23":"Z","3":"6","4":"-","5":"0","6":"5","7":"-","8":"1","9":"1","level":"error","message":"Error: Cannot delete or update a parent row: a foreign key constraint fails (`leave_booking`.`leaverequest`, CONSTRAINT `fk_leaverequest_user` FOREIGN KEY (`userId`) REFERENCES `user` (`userId`))","timestamp":"2026-05-11 20:31:40"}
{"level":"error","message":"A user cannot be their own manager","timestamp":"2026-05-11 20:41:32"}
{"0":"2","1":"0","10":"T","11":"1","12":"9","13":":","14":"4","15":"1","16":":","17":"3","18":"2","19":".","2":"2","20":"3","21":"5","22":"8","23":"Z","3":"6","4":"-","5":"0","6":"5","7":"-","8":"1","9":"1","level":"error","message":"Error: A user cannot be their own manager","timestamp":"2026-05-11 20:41:32"}
{"level":"error","message":"Date range overlaps with existing leave request","timestamp":"2026-05-11 20:50:31"}
{"0":"2","1":"0","10":"T","11":"1","12":"9","13":":","14":"5","15":"0","16":":","17":"3","18":"1","19":".","2":"2","20":"7","21":"4","22":"1","23":"Z","3":"6","4":"-","5":"0","6":"5","7":"-","8":"1","9":"1","level":"error","message":"Error: Date range overlaps with existing leave request","timestamp":"2026-05-11 20:50:31"}
{"level":"error","message":"Invalid employee ID","timestamp":"2026-05-11 20:51:49"}
{"0":"2","1":"0","10":"T","11":"1","12":"9","13":":","14":"5","15":"1","16":":","17":"4","18":"9","19":".","2":"2","20":"3","21":"8","22":"8","23":"Z","3":"6","4":"-","5":"0","6":"5","7":"-","8":"1","9":"1","level":"error","message":"Error: Invalid employee ID","timestamp":"2026-05-11 20:51:49"}
{"level":"error","message":"End date cannot be before start date","timestamp":"2026-05-11 20:52:56"}
{"0":"2","1":"0","10":"T","11":"1","12":"9","13":":","14":"5","15":"2","16":":","17":"5","18":"6","19":".","2":"2","20":"6","21":"5","22":"8","23":"Z","3":"6","4":"-","5":"0","6":"5","7":"-","8":"1","9":"1","level":"error","message":"Error: End date cannot be before start date","timestamp":"2026-05-11 20:52:56"}
{"level":"error","message":"Days requested exceed the remaining balance","timestamp":"2026-05-11 20:55:17"}
{"0":"2","1":"0","10":"T","11":"1","12":"9","13":":","14":"5","15":"5","16":":","17":"1","18":"7","19":".","2":"2","20":"5","21":"1","22":"8","23":"Z","3":"6","4":"-","5":"0","6":"5","7":"-","8":"1","9":"1","level":"error","message":"Error: Days requested exceed the remaining balance","timestamp":"2026-05-11 20:55:17"}
{"level":"error","message":"Not authorised - Token not found","timestamp":"2026-05-11 21:58:44"}
{"0":"2","1":"0","10":"T","11":"2","12":"0","13":":","14":"5","15":"8","16":":","17":"4","18":"4","19":".","2":"2","20":"6","21":"3","22":"8","23":"Z","3":"6","4":"-","5":"0","6":"5","7":"-","8":"1","9":"1","level":"error","message":"Error: Not authorised - Token not found","timestamp":"2026-05-11 21:58:44"}
{"level":"error","message":"You are not authorised to access this endpoint","timestamp":"2026-05-11 22:17:25"}
{"0":"2","1":"0","10":"T","11":"2","12":"1","13":":","14":"1","15":"7","16":":","17":"2","18":"5","19":".","2":"2","20":"3","21":"4","22":"2","23":"Z","3":"6","4":"-","5":"0","6":"5","7":"-","8":"1","9":"1","level":"error","message":"Error: You are not authorised to access this endpoint","timestamp":"2026-05-11 22:17:25"}
{"level":"error","message":"You are not authorised to access this endpoint","timestamp":"2026-05-11 22:26:21"}
{"0":"2","1":"0","10":"T","11":"2","12":"1","13":":","14":"2","15":"6","16":":","17":"2","18":"1","19":".","2":"2","20":"4","21":"8","22":"8","23":"Z","3":"6","4":"-","5":"0","6":"5","7":"-","8":"1","9":"1","level":"error","message":"Error: You are not authorised to access this endpoint","timestamp":"2026-05-11 22:26:21"}
{"level":"error","message":"Leave request already approved","timestamp":"2026-05-11 22:26:44"}
{"0":"2","1":"0","10":"T","11":"2","12":"1","13":":","14":"2","15":"6","16":":","17":"4","18":"4","19":".","2":"2","20":"3","21":"7","22":"4","23":"Z","3":"6","4":"-","5":"0","6":"5","7":"-","8":"1","9":"1","level":"error","message":"Error: Leave request already approved","timestamp":"2026-05-11 22:26:44"}
{"level":"error","message":"You are not authorised to access this endpoint","timestamp":"2026-05-11 22:27:18"}
{"0":"2","1":"0","10":"T","11":"2","12":"1","13":":","14":"2","15":"7","16":":","17":"1","18":"8","19":".","2":"2","20":"8","21":"9","22":"4","23":"Z","3":"6","4":"-","5":"0","6":"5","7":"-","8":"1","9":"1","level":"error","message":"Error: You are not authorised to access this endpoint","timestamp":"2026-05-11 22:27:18"}
{"level":"error","message":"Cannot destructure property 'reason' of 'req.body' as it is undefined.","timestamp":"2026-05-11 22:27:25"}
{"0":"2","1":"0","10":"T","11":"2","12":"1","13":":","14":"2","15":"7","16":":","17":"2","18":"5","19":".","2":"2","20":"6","21":"1","22":"7","23":"Z","3":"6","4":"-","5":"0","6":"5","7":"-","8":"1","9":"1","level":"error","message":"Error: Cannot destructure property 'reason' of 'req.body' as it is undefined.","timestamp":"2026-05-11 22:27:25"}
{"level":"error","message":"Cannot destructure property 'reason' of 'req.body' as it is undefined.","timestamp":"2026-05-11 22:27:40"}
{"0":"2","1":"0","10":"T","11":"2","12":"1","13":":","14":"2","15":"7","16":":","17":"4","18":"0","19":".","2":"2","20":"0","21":"1","22":"5","23":"Z","3":"6","4":"-","5":"0","6":"5","7":"-","8":"1","9":"1","level":"error","message":"Error: Cannot destructure property 'reason' of 'req.body' as it is undefined.","timestamp":"2026-05-11 22:27:40"}
{"level":"error","message":"Cannot destructure property 'reason' of 'req.body' as it is undefined.","timestamp":"2026-05-11 22:28:30"}
{"0":"2","1":"0","10":"T","11":"2","12":"1","13":":","14":"2","15":"8","16":":","17":"3","18":"0","19":".","2":"2","20":"9","21":"6","22":"0","23":"Z","3":"6","4":"-","5":"0","6":"5","7":"-","8":"1","9":"1","level":"error","message":"Error: Cannot destructure property 'reason' of 'req.body' as it is undefined.","timestamp":"2026-05-11 22:28:30"}
{"level":"error","message":"Already approved or cancelled leave requests cannot be rejected","timestamp":"2026-05-11 22:28:50"}
{"0":"2","1":"0","10":"T","11":"2","12":"1","13":":","14":"2","15":"8","16":":","17":"5","18":"0","19":".","2":"2","20":"1","21":"8","22":"0","23":"Z","3":"6","4":"-","5":"0","6":"5","7":"-","8":"1","9":"1","level":"error","message":"Error: Already approved or cancelled leave requests cannot be rejected","timestamp":"2026-05-11 22:28:50"}
{"level":"error","message":"Already approved or cancelled leave requests cannot be rejected","timestamp":"2026-05-11 22:29:18"}
{"0":"2","1":"0","10":"T","11":"2","12":"1","13":":","14":"2","15":"9","16":":","17":"1","18":"8","19":".","2":"2","20":"6","21":"3","22":"8","23":"Z","3":"6","4":"-","5":"0","6":"5","7":"-","8":"1","9":"1","level":"error","message":"Error: Already approved or cancelled leave requests cannot be rejected","timestamp":"2026-05-11 22:29:18"}
{"level":"error","message":"Already approved or cancelled leave requests cannot be rejected","timestamp":"2026-05-11 22:29:49"}
{"0":"2","1":"0","10":"T","11":"2","12":"1","13":":","14":"2","15":"9","16":":","17":"4","18":"9","19":".","2":"2","20":"4","21":"3","22":"4","23":"Z","3":"6","4":"-","5":"0","6":"5","7":"-","8":"1","9":"1","level":"error","message":"Error: Already approved or cancelled leave requests cannot be rejected","timestamp":"2026-05-11 22:29:49"}
{"level":"error","message":"Cannot destructure property 'reason' of 'req.body' as it is undefined.","timestamp":"2026-05-11 22:30:17"}
{"0":"2","1":"0","10":"T","11":"2","12":"1","13":":","14":"3","15":"0","16":":","17":"1","18":"7","19":".","2":"2","20":"2","21":"0","22":"3","23":"Z","3":"6","4":"-","5":"0","6":"5","7":"-","8":"1","9":"1","level":"error","message":"Error: Cannot destructure property 'reason' of 'req.body' as it is undefined.","timestamp":"2026-05-11 22:30:17"}
{"level":"error","message":"Already approved or cancelled leave requests cannot be rejected","timestamp":"2026-05-11 22:30:29"}
{"0":"2","1":"0","10":"T","11":"2","12":"1","13":":","14":"3","15":"0","16":":","17":"2","18":"9","19":".","2":"2","20":"7","21":"0","22":"4","23":"Z","3":"6","4":"-","5":"0","6":"5","7":"-","8":"1","9":"1","level":"error","message":"Error: Already approved or cancelled leave requests cannot be rejected","timestamp":"2026-05-11 22:30:29"}
{"level":"error","message":"Not authorised - Token not found","timestamp":"2026-05-11 22:32:12"}
{"0":"2","1":"0","10":"T","11":"2","12":"1","13":":","14":"3","15":"2","16":":","17":"1","18":"2","19":".","2":"2","20":"8","21":"8","22":"2","23":"Z","3":"6","4":"-","5":"0","6":"5","7":"-","8":"1","9":"1","level":"error","message":"Error: Not authorised - Token not found","timestamp":"2026-05-11 22:32:12"}
{"level":"error","message":"Not authorised - Token is invalid","timestamp":"2026-05-11 22:32:34"}
{"0":"2","1":"0","10":"T","11":"2","12":"1","13":":","14":"3","15":"2","16":":","17":"3","18":"4","19":".","2":"2","20":"5","21":"8","22":"5","23":"Z","3":"6","4":"-","5":"0","6":"5","7":"-","8":"1","9":"1","level":"error","message":"Error: Not authorised - Token is invalid","timestamp":"2026-05-11 22:32:34"}
{"level":"error","message":"Not authorised - Token not found","timestamp":"2026-05-11 22:32:45"}
{"0":"2","1":"0","10":"T","11":"2","12":"1","13":":","14":"3","15":"2","16":":","17":"4","18":"5","19":".","2":"2","20":"1","21":"9","22":"9","23":"Z","3":"6","4":"-","5":"0","6":"5","7":"-","8":"1","9":"1","level":"error","message":"Error: Not authorised - Token not found","timestamp":"2026-05-11 22:32:45"}
{"level":"error","message":"Not authorised - Token is invalid","timestamp":"2026-05-11 22:32:59"}
{"0":"2","1":"0","10":"T","11":"2","12":"1","13":":","14":"3","15":"2","16":":","17":"5","18":"9","19":".","2":"2","20":"5","21":"1","22":"7","23":"Z","3":"6","4":"-","5":"0","6":"5","7":"-","8":"1","9":"1","level":"error","message":"Error: Not authorised - Token is invalid","timestamp":"2026-05-11 22:32:59"}
{"level":"error","message":"You are not authorised to access this endpoint","timestamp":"2026-05-11 22:34:12"}
{"0":"2","1":"0","10":"T","11":"2","12":"1","13":":","14":"3","15":"4","16":":","17":"1","18":"2","19":".","2":"2","20":"4","21":"4","22":"9","23":"Z","3":"6","4":"-","5":"0","6":"5","7":"-","8":"1","9":"1","level":"error","message":"Error: You are not authorised to access this endpoint","timestamp":"2026-05-11 22:34:12"}
{"level":"error","message":"You are not authorised to access this endpoint","timestamp":"2026-05-11 22:35:04"}
{"0":"2","1":"0","10":"T","11":"2","12":"1","13":":","14":"3","15":"5","16":":","17":"0","18":"4","19":".","2":"2","20":"6","21":"7","22":"4","23":"Z","3":"6","4":"-","5":"0","6":"5","7":"-","8":"1","9":"1","level":"error","message":"Error: You are not authorised to access this endpoint","timestamp":"2026-05-11 22:35:04"}
{"code":"ECONNREFUSED","fatal":true,"level":"error","message":"Error during Data Source initialization:","stack":"AggregateError\n    at internalConnectMultiple (node:net:1134:18)\n    at afterConnectMultiple (node:net:1715:7)","timestamp":"2026-05-15 14:39:14"}
{"level":"info","message":"Data Source has been initialized!","timestamp":"2026-05-15 14:40:35"}
{"level":"info","message":"Server is running on port 8900","timestamp":"2026-05-15 14:40:35"}
{"level":"error","message":"Not authorised - Token is invalid","timestamp":"2026-05-15 14:45:14"}
{"0":"2","1":"0","10":"T","11":"1","12":"3","13":":","14":"4","15":"5","16":":","17":"1","18":"4","19":".","2":"2","20":"7","21":"0","22":"0","23":"Z","3":"6","4":"-","5":"0","6":"5","7":"-","8":"1","9":"5","level":"error","message":"Error: Not authorised - Token is invalid","timestamp":"2026-05-15 14:45:14"}
{"level":"error","message":"Not authorised - Token not found","timestamp":"2026-05-15 14:45:40"}
{"0":"2","1":"0","10":"T","11":"1","12":"3","13":":","14":"4","15":"5","16":":","17":"4","18":"0","19":".","2":"2","20":"5","21":"1","22":"0","23":"Z","3":"6","4":"-","5":"0","6":"5","7":"-","8":"1","9":"5","level":"error","message":"Error: Not authorised - Token not found","timestamp":"2026-05-15 14:45:40"}
